============================= test session starts =============================
platform win32 -- Python 3.11.3, pytest-9.0.1, pluggy-1.6.0 -- C:\Users\Jaime\.gemini\antigravity\scratch\accessrequestsapi\.venv\Scripts\python.exe
cachedir: .pytest_cache
django: version: 5.2.8, settings: config.settings.test (from option)
rootdir: C:\Users\Jaime\.gemini\antigravity\scratch\accessrequestsapi
configfile: pyproject.toml
plugins: Faker-38.2.0, django-4.11.1, sugar-1.1.1
collecting ... collected 5 items

accessrequestsapi/access_control/tests/test_api.py::TestAccessRequests::test_employee_create_request PASSED [ 20%]
accessrequestsapi/access_control/tests/test_api.py::TestAccessRequests::test_employee_approve_fail FAILED [ 40%]
accessrequestsapi/access_control/tests/test_api.py::TestAccessRequests::test_manager_approve_success FAILED [ 60%]
accessrequestsapi/access_control/tests/test_api.py::TestAccessRequests::test_manager_approve_other_dept_fail FAILED [ 80%]
accessrequestsapi/access_control/tests/test_api.py::TestAccessRequests::test_admin_create_system PASSED [100%]

================================== FAILURES ===================================
________________ TestAccessRequests.test_employee_approve_fail ________________

self = <accessrequestsapi.access_control.tests.test_api.TestAccessRequests object at 0x00000219D81E3950>

    def test_employee_approve_fail(self):
        req = AccessRequest.objects.create(requester=self.employee, system=self.system, reason='Test')
        self.client.force_authenticate(user=self.employee)
>       response = self.client.post(f'/api/access-requests/{req.id}/approve/')
                   ^^^^^^^^^^^^^^^^^^^^^^^^^^^^^^^^^^^^^^^^^^^^^^^^^^^^^^^^^^^

accessrequestsapi\access_control\tests\test_api.py:31: 
_ _ _ _ _ _ _ _ _ _ _ _ _ _ _ _ _ _ _ _ _ _ _ _ _ _ _ _ _ _ _ _ _ _ _ _ _ _ _ _
.venv\Lib\site-packages\rest_framework\test.py:299: in post
    response = super().post(
.venv\Lib\site-packages\rest_framework\test.py:213: in post
    return self.generic('POST', path, data, content_type, **extra)
           ^^^^^^^^^^^^^^^^^^^^^^^^^^^^^^^^^^^^^^^^^^^^^^^^^^^^^^^
.venv\Lib\site-packages\rest_framework\test.py:237: in generic
    return super().generic(
.venv\Lib\site-packages\django\test\client.py:671: in generic
    return self.request(**r)
           ^^^^^^^^^^^^^^^^^
.venv\Lib\site-packages\rest_framework\test.py:289: in request
    return super().request(**kwargs)
           ^^^^^^^^^^^^^^^^^^^^^^^^^
.venv\Lib\site-packages\rest_framework\test.py:241: in request
    request = super().request(**kwargs)
              ^^^^^^^^^^^^^^^^^^^^^^^^^
.venv\Lib\site-packages\django\test\client.py:1087: in request
    self.check_exception(response)
.venv\Lib\site-packages\django\test\client.py:802: in check_exception
    raise exc_value
.venv\Lib\site-packages\django\core\handlers\exception.py:55: in inner
    response = get_response(request)
               ^^^^^^^^^^^^^^^^^^^^^
.venv\Lib\site-packages\django\core\handlers\base.py:197: in _get_response
    response = wrapped_callback(request, *callback_args, **callback_kwargs)
               ^^^^^^^^^^^^^^^^^^^^^^^^^^^^^^^^^^^^^^^^^^^^^^^^^^^^^^^^^^^^
..\..\..\..\AppData\Local\Programs\Python\Python311\Lib\contextlib.py:81: in inner
    return func(*args, **kwds)
           ^^^^^^^^^^^^^^^^^^^
.venv\Lib\site-packages\django\views\decorators\csrf.py:65: in _view_wrapper
    return view_func(request, *args, **kwargs)
           ^^^^^^^^^^^^^^^^^^^^^^^^^^^^^^^^^^^
.venv\Lib\site-packages\rest_framework\viewsets.py:125: in view
    return self.dispatch(request, *args, **kwargs)
           ^^^^^^^^^^^^^^^^^^^^^^^^^^^^^^^^^^^^^^^
.venv\Lib\site-packages\rest_framework\views.py:515: in dispatch
    response = self.handle_exception(exc)
               ^^^^^^^^^^^^^^^^^^^^^^^^^^
.venv\Lib\site-packages\rest_framework\views.py:475: in handle_exception
    self.raise_uncaught_exception(exc)
.venv\Lib\site-packages\rest_framework\views.py:486: in raise_uncaught_exception
    raise exc
.venv\Lib\site-packages\rest_framework\views.py:512: in dispatch
    response = handler(request, *args, **kwargs)
               ^^^^^^^^^^^^^^^^^^^^^^^^^^^^^^^^^
accessrequestsapi\access_control\api\views.py:44: in approve
    return self._update_status(request, AccessRequest.Status.APPROVED)
           ^^^^^^^^^^^^^^^^^^^^^^^^^^^^^^^^^^^^^^^^^^^^^^^^^^^^^^^^^^^
accessrequestsapi\access_control\api\views.py:72: in _update_status
    return Response(AccessRequestSerializer(access_request).data)
                    ^^^^^^^^^^^^^^^^^^^^^^^^^^^^^^^^^^^^^^^^^^^^
.venv\Lib\site-packages\rest_framework\serializers.py:573: in data
    ret = super().data
          ^^^^^^^^^^^^
.venv\Lib\site-packages\rest_framework\serializers.py:251: in data
    self._data = self.to_representation(self.instance)
                 ^^^^^^^^^^^^^^^^^^^^^^^^^^^^^^^^^^^^^
.venv\Lib\site-packages\rest_framework\serializers.py:540: in to_representation
    ret[field.field_name] = field.to_representation(attribute)
                            ^^^^^^^^^^^^^^^^^^^^^^^^^^^^^^^^^^
.venv\Lib\site-packages\rest_framework\serializers.py:540: in to_representation
    ret[field.field_name] = field.to_representation(attribute)
                            ^^^^^^^^^^^^^^^^^^^^^^^^^^^^^^^^^^
_ _ _ _ _ _ _ _ _ _ _ _ _ _ _ _ _ _ _ _ _ _ _ _ _ _ _ _ _ _ _ _ _ _ _ _ _ _ _ _

self = HyperlinkedIdentityField(lookup_field='username', view_name='api:user-detail')
value = <User: emp>

    def to_representation(self, value):
>       assert 'request' in self.context, (
               ^^^^^^^^^^^^^^^^^^^^^^^^^
            "`%s` requires the request in the serializer"
            " context. Add `context={'request': request}` when instantiating "
            "the serializer." % self.__class__.__name__
        )
E       AssertionError: `HyperlinkedIdentityField` requires the request in the serializer context. Add `context={'request': request}` when instantiating the serializer.

.venv\Lib\site-packages\rest_framework\relations.py:373: AssertionError
---------------------------- Captured stderr call -----------------------------
ERROR 2025-11-21 20:54:36,547 log 14852 11268 Internal Server Error: /api/access-requests/1/approve/
Traceback (most recent call last):
  File "C:\Users\Jaime\.gemini\antigravity\scratch\accessrequestsapi\.venv\Lib\site-packages\django\core\handlers\exception.py", line 55, in inner
    response = get_response(request)
               ^^^^^^^^^^^^^^^^^^^^^
  File "C:\Users\Jaime\.gemini\antigravity\scratch\accessrequestsapi\.venv\Lib\site-packages\django\core\handlers\base.py", line 197, in _get_response
    response = wrapped_callback(request, *callback_args, **callback_kwargs)
               ^^^^^^^^^^^^^^^^^^^^^^^^^^^^^^^^^^^^^^^^^^^^^^^^^^^^^^^^^^^^
  File "C:\Users\Jaime\AppData\Local\Programs\Python\Python311\Lib\contextlib.py", line 81, in inner
    return func(*args, **kwds)
           ^^^^^^^^^^^^^^^^^^^
  File "C:\Users\Jaime\.gemini\antigravity\scratch\accessrequestsapi\.venv\Lib\site-packages\django\views\decorators\csrf.py", line 65, in _view_wrapper
    return view_func(request, *args, **kwargs)
           ^^^^^^^^^^^^^^^^^^^^^^^^^^^^^^^^^^^
  File "C:\Users\Jaime\.gemini\antigravity\scratch\accessrequestsapi\.venv\Lib\site-packages\rest_framework\viewsets.py", line 125, in view
    return self.dispatch(request, *args, **kwargs)
           ^^^^^^^^^^^^^^^^^^^^^^^^^^^^^^^^^^^^^^^
  File "C:\Users\Jaime\.gemini\antigravity\scratch\accessrequestsapi\.venv\Lib\site-packages\rest_framework\views.py", line 515, in dispatch
    response = self.handle_exception(exc)
               ^^^^^^^^^^^^^^^^^^^^^^^^^^
  File "C:\Users\Jaime\.gemini\antigravity\scratch\accessrequestsapi\.venv\Lib\site-packages\rest_framework\views.py", line 475, in handle_exception
    self.raise_uncaught_exception(exc)
  File "C:\Users\Jaime\.gemini\antigravity\scratch\accessrequestsapi\.venv\Lib\site-packages\rest_framework\views.py", line 486, in raise_uncaught_exception
    raise exc
  File "C:\Users\Jaime\.gemini\antigravity\scratch\accessrequestsapi\.venv\Lib\site-packages\rest_framework\views.py", line 512, in dispatch
    response = handler(request, *args, **kwargs)
               ^^^^^^^^^^^^^^^^^^^^^^^^^^^^^^^^^
  File "C:\Users\Jaime\.gemini\antigravity\scratch\accessrequestsapi\accessrequestsapi\access_control\api\views.py", line 44, in approve
    return self._update_status(request, AccessRequest.Status.APPROVED)
           ^^^^^^^^^^^^^^^^^^^^^^^^^^^^^^^^^^^^^^^^^^^^^^^^^^^^^^^^^^^
  File "C:\Users\Jaime\.gemini\antigravity\scratch\accessrequestsapi\accessrequestsapi\access_control\api\views.py", line 72, in _update_status
    return Response(AccessRequestSerializer(access_request).data)
                    ^^^^^^^^^^^^^^^^^^^^^^^^^^^^^^^^^^^^^^^^^^^^
  File "C:\Users\Jaime\.gemini\antigravity\scratch\accessrequestsapi\.venv\Lib\site-packages\rest_framework\serializers.py", line 573, in data
    ret = super().data
          ^^^^^^^^^^^^
  File "C:\Users\Jaime\.gemini\antigravity\scratch\accessrequestsapi\.venv\Lib\site-packages\rest_framework\serializers.py", line 251, in data
    self._data = self.to_representation(self.instance)
                 ^^^^^^^^^^^^^^^^^^^^^^^^^^^^^^^^^^^^^
  File "C:\Users\Jaime\.gemini\antigravity\scratch\accessrequestsapi\.venv\Lib\site-packages\rest_framework\serializers.py", line 540, in to_representation
    ret[field.field_name] = field.to_representation(attribute)
                            ^^^^^^^^^^^^^^^^^^^^^^^^^^^^^^^^^^
  File "C:\Users\Jaime\.gemini\antigravity\scratch\accessrequestsapi\.venv\Lib\site-packages\rest_framework\serializers.py", line 540, in to_representation
    ret[field.field_name] = field.to_representation(attribute)
                            ^^^^^^^^^^^^^^^^^^^^^^^^^^^^^^^^^^
  File "C:\Users\Jaime\.gemini\antigravity\scratch\accessrequestsapi\.venv\Lib\site-packages\rest_framework\relations.py", line 373, in to_representation
    assert 'request' in self.context, (
           ^^^^^^^^^^^^^^^^^^^^^^^^^
AssertionError: `HyperlinkedIdentityField` requires the request in the serializer context. Add `context={'request': request}` when instantiating the serializer.
------------------------------ Captured log call ------------------------------
ERROR    django.request:log.py:253 Internal Server Error: /api/access-requests/1/approve/
Traceback (most recent call last):
  File "C:\Users\Jaime\.gemini\antigravity\scratch\accessrequestsapi\.venv\Lib\site-packages\django\core\handlers\exception.py", line 55, in inner
    response = get_response(request)
               ^^^^^^^^^^^^^^^^^^^^^
  File "C:\Users\Jaime\.gemini\antigravity\scratch\accessrequestsapi\.venv\Lib\site-packages\django\core\handlers\base.py", line 197, in _get_response
    response = wrapped_callback(request, *callback_args, **callback_kwargs)
               ^^^^^^^^^^^^^^^^^^^^^^^^^^^^^^^^^^^^^^^^^^^^^^^^^^^^^^^^^^^^
  File "C:\Users\Jaime\AppData\Local\Programs\Python\Python311\Lib\contextlib.py", line 81, in inner
    return func(*args, **kwds)
           ^^^^^^^^^^^^^^^^^^^
  File "C:\Users\Jaime\.gemini\antigravity\scratch\accessrequestsapi\.venv\Lib\site-packages\django\views\decorators\csrf.py", line 65, in _view_wrapper
    return view_func(request, *args, **kwargs)
           ^^^^^^^^^^^^^^^^^^^^^^^^^^^^^^^^^^^
  File "C:\Users\Jaime\.gemini\antigravity\scratch\accessrequestsapi\.venv\Lib\site-packages\rest_framework\viewsets.py", line 125, in view
    return self.dispatch(request, *args, **kwargs)
           ^^^^^^^^^^^^^^^^^^^^^^^^^^^^^^^^^^^^^^^
  File "C:\Users\Jaime\.gemini\antigravity\scratch\accessrequestsapi\.venv\Lib\site-packages\rest_framework\views.py", line 515, in dispatch
    response = self.handle_exception(exc)
               ^^^^^^^^^^^^^^^^^^^^^^^^^^
  File "C:\Users\Jaime\.gemini\antigravity\scratch\accessrequestsapi\.venv\Lib\site-packages\rest_framework\views.py", line 475, in handle_exception
    self.raise_uncaught_exception(exc)
  File "C:\Users\Jaime\.gemini\antigravity\scratch\accessrequestsapi\.venv\Lib\site-packages\rest_framework\views.py", line 486, in raise_uncaught_exception
    raise exc
  File "C:\Users\Jaime\.gemini\antigravity\scratch\accessrequestsapi\.venv\Lib\site-packages\rest_framework\views.py", line 512, in dispatch
    response = handler(request, *args, **kwargs)
               ^^^^^^^^^^^^^^^^^^^^^^^^^^^^^^^^^
  File "C:\Users\Jaime\.gemini\antigravity\scratch\accessrequestsapi\accessrequestsapi\access_control\api\views.py", line 44, in approve
    return self._update_status(request, AccessRequest.Status.APPROVED)
           ^^^^^^^^^^^^^^^^^^^^^^^^^^^^^^^^^^^^^^^^^^^^^^^^^^^^^^^^^^^
  File "C:\Users\Jaime\.gemini\antigravity\scratch\accessrequestsapi\accessrequestsapi\access_control\api\views.py", line 72, in _update_status
    return Response(AccessRequestSerializer(access_request).data)
                    ^^^^^^^^^^^^^^^^^^^^^^^^^^^^^^^^^^^^^^^^^^^^
  File "C:\Users\Jaime\.gemini\antigravity\scratch\accessrequestsapi\.venv\Lib\site-packages\rest_framework\serializers.py", line 573, in data
    ret = super().data
          ^^^^^^^^^^^^
  File "C:\Users\Jaime\.gemini\antigravity\scratch\accessrequestsapi\.venv\Lib\site-packages\rest_framework\serializers.py", line 251, in data
    self._data = self.to_representation(self.instance)
                 ^^^^^^^^^^^^^^^^^^^^^^^^^^^^^^^^^^^^^
  File "C:\Users\Jaime\.gemini\antigravity\scratch\accessrequestsapi\.venv\Lib\site-packages\rest_framework\serializers.py", line 540, in to_representation
    ret[field.field_name] = field.to_representation(attribute)
                            ^^^^^^^^^^^^^^^^^^^^^^^^^^^^^^^^^^
  File "C:\Users\Jaime\.gemini\antigravity\scratch\accessrequestsapi\.venv\Lib\site-packages\rest_framework\serializers.py", line 540, in to_representation
    ret[field.field_name] = field.to_representation(attribute)
                            ^^^^^^^^^^^^^^^^^^^^^^^^^^^^^^^^^^
  File "C:\Users\Jaime\.gemini\antigravity\scratch\accessrequestsapi\.venv\Lib\site-packages\rest_framework\relations.py", line 373, in to_representation
    assert 'request' in self.context, (
           ^^^^^^^^^^^^^^^^^^^^^^^^^
AssertionError: `HyperlinkedIdentityField` requires the request in the serializer context. Add `context={'request': request}` when instantiating the serializer.
_______________ TestAccessRequests.test_manager_approve_success _______________

self = <accessrequestsapi.access_control.tests.test_api.TestAccessRequests object at 0x00000219D8731C10>

    def test_manager_approve_success(self):
        req = AccessRequest.objects.create(requester=self.employee, system=self.system, reason='Test')
        self.client.force_authenticate(user=self.manager)
>       response = self.client.post(f'/api/access-requests/{req.id}/approve/')
                   ^^^^^^^^^^^^^^^^^^^^^^^^^^^^^^^^^^^^^^^^^^^^^^^^^^^^^^^^^^^

accessrequestsapi\access_control\tests\test_api.py:37: 
_ _ _ _ _ _ _ _ _ _ _ _ _ _ _ _ _ _ _ _ _ _ _ _ _ _ _ _ _ _ _ _ _ _ _ _ _ _ _ _
.venv\Lib\site-packages\rest_framework\test.py:299: in post
    response = super().post(
.venv\Lib\site-packages\rest_framework\test.py:213: in post
    return self.generic('POST', path, data, content_type, **extra)
           ^^^^^^^^^^^^^^^^^^^^^^^^^^^^^^^^^^^^^^^^^^^^^^^^^^^^^^^
.venv\Lib\site-packages\rest_framework\test.py:237: in generic
    return super().generic(
.venv\Lib\site-packages\django\test\client.py:671: in generic
    return self.request(**r)
           ^^^^^^^^^^^^^^^^^
.venv\Lib\site-packages\rest_framework\test.py:289: in request
    return super().request(**kwargs)
           ^^^^^^^^^^^^^^^^^^^^^^^^^
.venv\Lib\site-packages\rest_framework\test.py:241: in request
    request = super().request(**kwargs)
              ^^^^^^^^^^^^^^^^^^^^^^^^^
.venv\Lib\site-packages\django\test\client.py:1087: in request
    self.check_exception(response)
.venv\Lib\site-packages\django\test\client.py:802: in check_exception
    raise exc_value
.venv\Lib\site-packages\django\core\handlers\exception.py:55: in inner
    response = get_response(request)
               ^^^^^^^^^^^^^^^^^^^^^
.venv\Lib\site-packages\django\core\handlers\base.py:197: in _get_response
    response = wrapped_callback(request, *callback_args, **callback_kwargs)
               ^^^^^^^^^^^^^^^^^^^^^^^^^^^^^^^^^^^^^^^^^^^^^^^^^^^^^^^^^^^^
..\..\..\..\AppData\Local\Programs\Python\Python311\Lib\contextlib.py:81: in inner
    return func(*args, **kwds)
           ^^^^^^^^^^^^^^^^^^^
.venv\Lib\site-packages\django\views\decorators\csrf.py:65: in _view_wrapper
    return view_func(request, *args, **kwargs)
           ^^^^^^^^^^^^^^^^^^^^^^^^^^^^^^^^^^^
.venv\Lib\site-packages\rest_framework\viewsets.py:125: in view
    return self.dispatch(request, *args, **kwargs)
           ^^^^^^^^^^^^^^^^^^^^^^^^^^^^^^^^^^^^^^^
.venv\Lib\site-packages\rest_framework\views.py:515: in dispatch
    response = self.handle_exception(exc)
               ^^^^^^^^^^^^^^^^^^^^^^^^^^
.venv\Lib\site-packages\rest_framework\views.py:475: in handle_exception
    self.raise_uncaught_exception(exc)
.venv\Lib\site-packages\rest_framework\views.py:486: in raise_uncaught_exception
    raise exc
.venv\Lib\site-packages\rest_framework\views.py:512: in dispatch
    response = handler(request, *args, **kwargs)
               ^^^^^^^^^^^^^^^^^^^^^^^^^^^^^^^^^
accessrequestsapi\access_control\api\views.py:44: in approve
    return self._update_status(request, AccessRequest.Status.APPROVED)
           ^^^^^^^^^^^^^^^^^^^^^^^^^^^^^^^^^^^^^^^^^^^^^^^^^^^^^^^^^^^
accessrequestsapi\access_control\api\views.py:72: in _update_status
    return Response(AccessRequestSerializer(access_request).data)
                    ^^^^^^^^^^^^^^^^^^^^^^^^^^^^^^^^^^^^^^^^^^^^
.venv\Lib\site-packages\rest_framework\serializers.py:573: in data
    ret = super().data
          ^^^^^^^^^^^^
.venv\Lib\site-packages\rest_framework\serializers.py:251: in data
    self._data = self.to_representation(self.instance)
                 ^^^^^^^^^^^^^^^^^^^^^^^^^^^^^^^^^^^^^
.venv\Lib\site-packages\rest_framework\serializers.py:540: in to_representation
    ret[field.field_name] = field.to_representation(attribute)
                            ^^^^^^^^^^^^^^^^^^^^^^^^^^^^^^^^^^
.venv\Lib\site-packages\rest_framework\serializers.py:540: in to_representation
    ret[field.field_name] = field.to_representation(attribute)
                            ^^^^^^^^^^^^^^^^^^^^^^^^^^^^^^^^^^
_ _ _ _ _ _ _ _ _ _ _ _ _ _ _ _ _ _ _ _ _ _ _ _ _ _ _ _ _ _ _ _ _ _ _ _ _ _ _ _

self = HyperlinkedIdentityField(lookup_field='username', view_name='api:user-detail')
value = <User: emp>

    def to_representation(self, value):
>       assert 'request' in self.context, (
               ^^^^^^^^^^^^^^^^^^^^^^^^^
            "`%s` requires the request in the serializer"
            " context. Add `context={'request': request}` when instantiating "
            "the serializer." % self.__class__.__name__
        )
E       AssertionError: `HyperlinkedIdentityField` requires the request in the serializer context. Add `context={'request': request}` when instantiating the serializer.

.venv\Lib\site-packages\rest_framework\relations.py:373: AssertionError
---------------------------- Captured stderr call -----------------------------
ERROR 2025-11-21 20:54:37,317 log 14852 11268 Internal Server Error: /api/access-requests/1/approve/
Traceback (most recent call last):
  File "C:\Users\Jaime\.gemini\antigravity\scratch\accessrequestsapi\.venv\Lib\site-packages\django\core\handlers\exception.py", line 55, in inner
    response = get_response(request)
               ^^^^^^^^^^^^^^^^^^^^^
  File "C:\Users\Jaime\.gemini\antigravity\scratch\accessrequestsapi\.venv\Lib\site-packages\django\core\handlers\base.py", line 197, in _get_response
    response = wrapped_callback(request, *callback_args, **callback_kwargs)
               ^^^^^^^^^^^^^^^^^^^^^^^^^^^^^^^^^^^^^^^^^^^^^^^^^^^^^^^^^^^^
  File "C:\Users\Jaime\AppData\Local\Programs\Python\Python311\Lib\contextlib.py", line 81, in inner
    return func(*args, **kwds)
           ^^^^^^^^^^^^^^^^^^^
  File "C:\Users\Jaime\.gemini\antigravity\scratch\accessrequestsapi\.venv\Lib\site-packages\django\views\decorators\csrf.py", line 65, in _view_wrapper
    return view_func(request, *args, **kwargs)
           ^^^^^^^^^^^^^^^^^^^^^^^^^^^^^^^^^^^
  File "C:\Users\Jaime\.gemini\antigravity\scratch\accessrequestsapi\.venv\Lib\site-packages\rest_framework\viewsets.py", line 125, in view
    return self.dispatch(request, *args, **kwargs)
           ^^^^^^^^^^^^^^^^^^^^^^^^^^^^^^^^^^^^^^^
  File "C:\Users\Jaime\.gemini\antigravity\scratch\accessrequestsapi\.venv\Lib\site-packages\rest_framework\views.py", line 515, in dispatch
    response = self.handle_exception(exc)
               ^^^^^^^^^^^^^^^^^^^^^^^^^^
  File "C:\Users\Jaime\.gemini\antigravity\scratch\accessrequestsapi\.venv\Lib\site-packages\rest_framework\views.py", line 475, in handle_exception
    self.raise_uncaught_exception(exc)
  File "C:\Users\Jaime\.gemini\antigravity\scratch\accessrequestsapi\.venv\Lib\site-packages\rest_framework\views.py", line 486, in raise_uncaught_exception
    raise exc
  File "C:\Users\Jaime\.gemini\antigravity\scratch\accessrequestsapi\.venv\Lib\site-packages\rest_framework\views.py", line 512, in dispatch
    response = handler(request, *args, **kwargs)
               ^^^^^^^^^^^^^^^^^^^^^^^^^^^^^^^^^
  File "C:\Users\Jaime\.gemini\antigravity\scratch\accessrequestsapi\accessrequestsapi\access_control\api\views.py", line 44, in approve
    return self._update_status(request, AccessRequest.Status.APPROVED)
           ^^^^^^^^^^^^^^^^^^^^^^^^^^^^^^^^^^^^^^^^^^^^^^^^^^^^^^^^^^^
  File "C:\Users\Jaime\.gemini\antigravity\scratch\accessrequestsapi\accessrequestsapi\access_control\api\views.py", line 72, in _update_status
    return Response(AccessRequestSerializer(access_request).data)
                    ^^^^^^^^^^^^^^^^^^^^^^^^^^^^^^^^^^^^^^^^^^^^
  File "C:\Users\Jaime\.gemini\antigravity\scratch\accessrequestsapi\.venv\Lib\site-packages\rest_framework\serializers.py", line 573, in data
    ret = super().data
          ^^^^^^^^^^^^
  File "C:\Users\Jaime\.gemini\antigravity\scratch\accessrequestsapi\.venv\Lib\site-packages\rest_framework\serializers.py", line 251, in data
    self._data = self.to_representation(self.instance)
                 ^^^^^^^^^^^^^^^^^^^^^^^^^^^^^^^^^^^^^
  File "C:\Users\Jaime\.gemini\antigravity\scratch\accessrequestsapi\.venv\Lib\site-packages\rest_framework\serializers.py", line 540, in to_representation
    ret[field.field_name] = field.to_representation(attribute)
                            ^^^^^^^^^^^^^^^^^^^^^^^^^^^^^^^^^^
  File "C:\Users\Jaime\.gemini\antigravity\scratch\accessrequestsapi\.venv\Lib\site-packages\rest_framework\serializers.py", line 540, in to_representation
    ret[field.field_name] = field.to_representation(attribute)
                            ^^^^^^^^^^^^^^^^^^^^^^^^^^^^^^^^^^
  File "C:\Users\Jaime\.gemini\antigravity\scratch\accessrequestsapi\.venv\Lib\site-packages\rest_framework\relations.py", line 373, in to_representation
    assert 'request' in self.context, (
           ^^^^^^^^^^^^^^^^^^^^^^^^^
AssertionError: `HyperlinkedIdentityField` requires the request in the serializer context. Add `context={'request': request}` when instantiating the serializer.
------------------------------ Captured log call ------------------------------
ERROR    django.request:log.py:253 Internal Server Error: /api/access-requests/1/approve/
Traceback (most recent call last):
  File "C:\Users\Jaime\.gemini\antigravity\scratch\accessrequestsapi\.venv\Lib\site-packages\django\core\handlers\exception.py", line 55, in inner
    response = get_response(request)
               ^^^^^^^^^^^^^^^^^^^^^
  File "C:\Users\Jaime\.gemini\antigravity\scratch\accessrequestsapi\.venv\Lib\site-packages\django\core\handlers\base.py", line 197, in _get_response
    response = wrapped_callback(request, *callback_args, **callback_kwargs)
               ^^^^^^^^^^^^^^^^^^^^^^^^^^^^^^^^^^^^^^^^^^^^^^^^^^^^^^^^^^^^
  File "C:\Users\Jaime\AppData\Local\Programs\Python\Python311\Lib\contextlib.py", line 81, in inner
    return func(*args, **kwds)
           ^^^^^^^^^^^^^^^^^^^
  File "C:\Users\Jaime\.gemini\antigravity\scratch\accessrequestsapi\.venv\Lib\site-packages\django\views\decorators\csrf.py", line 65, in _view_wrapper
    return view_func(request, *args, **kwargs)
           ^^^^^^^^^^^^^^^^^^^^^^^^^^^^^^^^^^^
  File "C:\Users\Jaime\.gemini\antigravity\scratch\accessrequestsapi\.venv\Lib\site-packages\rest_framework\viewsets.py", line 125, in view
    return self.dispatch(request, *args, **kwargs)
           ^^^^^^^^^^^^^^^^^^^^^^^^^^^^^^^^^^^^^^^
  File "C:\Users\Jaime\.gemini\antigravity\scratch\accessrequestsapi\.venv\Lib\site-packages\rest_framework\views.py", line 515, in dispatch
    response = self.handle_exception(exc)
               ^^^^^^^^^^^^^^^^^^^^^^^^^^
  File "C:\Users\Jaime\.gemini\antigravity\scratch\accessrequestsapi\.venv\Lib\site-packages\rest_framework\views.py", line 475, in handle_exception
    self.raise_uncaught_exception(exc)
  File "C:\Users\Jaime\.gemini\antigravity\scratch\accessrequestsapi\.venv\Lib\site-packages\rest_framework\views.py", line 486, in raise_uncaught_exception
    raise exc
  File "C:\Users\Jaime\.gemini\antigravity\scratch\accessrequestsapi\.venv\Lib\site-packages\rest_framework\views.py", line 512, in dispatch
    response = handler(request, *args, **kwargs)
               ^^^^^^^^^^^^^^^^^^^^^^^^^^^^^^^^^
  File "C:\Users\Jaime\.gemini\antigravity\scratch\accessrequestsapi\accessrequestsapi\access_control\api\views.py", line 44, in approve
    return self._update_status(request, AccessRequest.Status.APPROVED)
           ^^^^^^^^^^^^^^^^^^^^^^^^^^^^^^^^^^^^^^^^^^^^^^^^^^^^^^^^^^^
  File "C:\Users\Jaime\.gemini\antigravity\scratch\accessrequestsapi\accessrequestsapi\access_control\api\views.py", line 72, in _update_status
    return Response(AccessRequestSerializer(access_request).data)
                    ^^^^^^^^^^^^^^^^^^^^^^^^^^^^^^^^^^^^^^^^^^^^
  File "C:\Users\Jaime\.gemini\antigravity\scratch\accessrequestsapi\.venv\Lib\site-packages\rest_framework\serializers.py", line 573, in data
    ret = super().data
          ^^^^^^^^^^^^
  File "C:\Users\Jaime\.gemini\antigravity\scratch\accessrequestsapi\.venv\Lib\site-packages\rest_framework\serializers.py", line 251, in data
    self._data = self.to_representation(self.instance)
                 ^^^^^^^^^^^^^^^^^^^^^^^^^^^^^^^^^^^^^
  File "C:\Users\Jaime\.gemini\antigravity\scratch\accessrequestsapi\.venv\Lib\site-packages\rest_framework\serializers.py", line 540, in to_representation
    ret[field.field_name] = field.to_representation(attribute)
                            ^^^^^^^^^^^^^^^^^^^^^^^^^^^^^^^^^^
  File "C:\Users\Jaime\.gemini\antigravity\scratch\accessrequestsapi\.venv\Lib\site-packages\rest_framework\serializers.py", line 540, in to_representation
    ret[field.field_name] = field.to_representation(attribute)
                            ^^^^^^^^^^^^^^^^^^^^^^^^^^^^^^^^^^
  File "C:\Users\Jaime\.gemini\antigravity\scratch\accessrequestsapi\.venv\Lib\site-packages\rest_framework\relations.py", line 373, in to_representation
    assert 'request' in self.context, (
           ^^^^^^^^^^^^^^^^^^^^^^^^^
AssertionError: `HyperlinkedIdentityField` requires the request in the serializer context. Add `context={'request': request}` when instantiating the serializer.
___________ TestAccessRequests.test_manager_approve_other_dept_fail ___________

self = <accessrequestsapi.access_control.tests.test_api.TestAccessRequests object at 0x00000219D8732350>

    def test_manager_approve_other_dept_fail(self):
        other_emp = User.objects.create_user(username='other', email='other@example.com', password='password', role=User.Role.EMPLOYEE, department='HR')
        req = AccessRequest.objects.create(requester=other_emp, system=self.system, reason='Test')
        self.client.force_authenticate(user=self.manager) # IT Manager
        response = self.client.post(f'/api/access-requests/{req.id}/approve/')
>       assert response.status_code == status.HTTP_403_FORBIDDEN
E       assert 404 == 403
E        +  where 404 = <Response status_code=404, "application/json">.status_code
E        +  and   403 = status.HTTP_403_FORBIDDEN

accessrequestsapi\access_control\tests\test_api.py:49: AssertionError
---------------------------- Captured stderr call -----------------------------
WARNING 2025-11-21 20:54:37,504 log 14852 11268 Not Found: /api/access-requests/1/approve/
------------------------------ Captured log call ------------------------------
WARNING  django.request:log.py:253 Not Found: /api/access-requests/1/approve/
============================== warnings summary ===============================
accessrequestsapi/access_control/tests/test_api.py::TestAccessRequests::test_employee_create_request
accessrequestsapi/access_control/tests/test_api.py::TestAccessRequests::test_employee_approve_fail
accessrequestsapi/access_control/tests/test_api.py::TestAccessRequests::test_manager_approve_success
accessrequestsapi/access_control/tests/test_api.py::TestAccessRequests::test_manager_approve_other_dept_fail
accessrequestsapi/access_control/tests/test_api.py::TestAccessRequests::test_admin_create_system
  C:\Users\Jaime\.gemini\antigravity\scratch\accessrequestsapi\.venv\Lib\site-packages\django\core\handlers\base.py:61: UserWarning: No directory at: C:\Users\Jaime\.gemini\antigravity\scratch\accessrequestsapi\staticfiles\
    mw_instance = middleware(adapted_handler)

-- Docs: https://docs.pytest.org/en/stable/how-to/capture-warnings.html
=========================== short test summary info ===========================
FAILED accessrequestsapi/access_control/tests/test_api.py::TestAccessRequests::test_employee_approve_fail
FAILED accessrequestsapi/access_control/tests/test_api.py::TestAccessRequests::test_manager_approve_success
FAILED accessrequestsapi/access_control/tests/test_api.py::TestAccessRequests::test_manager_approve_other_dept_fail
=================== 3 failed, 2 passed, 5 warnings in 2.41s ===================
